../Core/Inc/car.h:21:6:receive	8	static
../Core/Inc/car.h:27:6:speed	8	static
../Core/Inc/car.h:33:6:forward	8	static
../Core/Inc/car.h:41:6:reverse	8	static
../Core/Inc/car.h:50:6:left	8	static
../Core/Inc/car.h:58:6:right	8	static
../Core/Inc/car.h:66:6:stop	4	static
../Core/Src/main.c:70:5:main	8	static
../Core/Src/main.c:148:6:SystemClock_Config	88	static
../Core/Src/main.c:190:13:MX_TIM1_Init	80	static
../Core/Src/main.c:259:13:MX_USART6_UART_Init	8	static
../Core/Src/main.c:292:13:MX_GPIO_Init	40	static
../Core/Src/main.c:325:6:Error_Handler	4	static,ignoring_inline_asm
